<[1, 2, 3, 4, 5]>
<[b'w', b'h', b'y', b' ', b'n', b'o', b't', b' ', b'?']>
b'why not ?'
