Base: 0
Derivated: 1, 0.000000
Leaf: 2, 3.140000, l
