(hello_world){hello: 666, world: 666.0}
(bintree){val: 5, left: (bintree){val: 1, left: (bintree){val: -8, left: None, right: None}, right: (bintree){val: 3, left: None, right: None}}, right: (bintree){val: 44, left: (bintree){val: 8, left: None, right: None}, right: (bintree){val: 98, left: None, right: None}}}
{{{-8}1{3}}5{{8}44{98}}}