(hello_world){hello: 42, world: 9.99}
(hello_world){hello: 0, world: 0.0}
