Base: 0
Base: 0
Base: 1
Derivated: 1, 0.000000
Derivated: 1, 0.000000
Base: 2
Derivated: 2, 3.140000
Leaf: 2, 3.140000, l
Leaf: 2, 3.140000, l
Unrecognized object
