(bintree){val: 1, left: <[(bintree){val: 1, left: <[...]>, right: <[...]>}]>, right: <[(bintree){val: 1, left: <[...]>, right: <[...]>}]>}
