Hello: 42, World: 9.99
Hello: -1, World: nan
Hello: 49, World: 3.00
Hello: 0, World: 2.72
Hello: 1, World: 3.14
