Dead (42) or alive (0.00)
Dead (1202590843) or alive (9.99)
