(quantum_cat){dead: 42, alive: 2.08e-322}
(quantum_cat){dead: 1202590843, alive: 9.99}
